C51 COMPILER V9.60.7.0   MAIN                                                              04/11/2024 12:54:17 PAGE 1   


C51 COMPILER V9.60.7.0, COMPILATION OF MODULE MAIN
OBJECT MODULE PLACED IN .\Output\main.obj
COMPILER INVOKED BY: C:\Keil_v5\C51\BIN\C51.EXE BF7615BMXX_XXXX_Library\main.c OMF2 OPTIMIZE(8,SPEED) BROWSE INCDIR(.\Ap
                    -plication_Library;.\BF7615BMXX_XXXX_Library;.\Code;.\Project) DEBUG PRINT(.\List\main.lst) TABS(2) OBJECT(.\Output\main.
                    -obj)

line level    source

   1          #include ".\BF7615BMXX_XXXX_Library\Config.h"
   2          
   3          void main(void)
   4          {
   5   1        //MCU_Init()初始化函数
   6   1        MCU_Init();
   7   1      
   8   1        while(1)
   9   1        {
  10   2          //清看门狗。
  11   2          WDT_CTRL = 7;
  12   2          
  13   2      #if(0)    
                  if(Low_Volotage_Flag_Confirm == 0)//进入低电压中断时，定时VolDet_COUNT*(timer0定时)后确认为低电压Low_Vol
             -otage_Flag_Confirm = 1
                  {
                    //获取按键标志位
                    BF7615BMXX_XXXX_Set_Touch_Flag();
                  }
              #endif    
  20   2          
  21   2          //建议将项目功能函数定义在Project.c中或新建c文件。
  22   2          Project();
  23   2        
  24   2        }     
  25   1      }


MODULE INFORMATION:   STATIC OVERLAYABLE
   CODE SIZE        =     11    ----
   CONSTANT SIZE    =   ----    ----
   XDATA SIZE       =   ----    ----
   PDATA SIZE       =   ----    ----
   DATA SIZE        =   ----    ----
   IDATA SIZE       =   ----    ----
   BIT SIZE         =   ----    ----
   EDATA SIZE       =   ----    ----
   HDATA SIZE       =   ----    ----
   XDATA CONST SIZE =   ----    ----
   FAR CONST SIZE   =   ----    ----
END OF MODULE INFORMATION.


C51 COMPILATION COMPLETE.  0 WARNING(S),  0 ERROR(S)
