C51 COMPILER V9.60.7.0   PROJECT                                                           04/10/2024 19:57:35 PAGE 1   


C51 COMPILER V9.60.7.0, COMPILATION OF MODULE PROJECT
OBJECT MODULE PLACED IN .\Output\Project.obj
COMPILER INVOKED BY: C:\Keil_v5\C51\BIN\C51.EXE Project\Project.c OMF2 OPTIMIZE(8,SPEED) BROWSE INCDIR(.\Application_Lib
                    -rary;.\BF7615BMXX_XXXX_Library;.\Code;.\Project) DEBUG PRINT(.\List\Project.lst) TABS(2) OBJECT(.\Output\Project.obj)

line level    source

   1          #include ".\BF7615BMXX_XXXX_Library\Config.h"
   2          /****************************************************************/
   3          //参考范例：Project.c和Project.h
   4          /****************************************************************/
   5          bit IsTouch = 0;
   6          uchar xdata Key_Data = 0x00;
   7          
   8          
   9            
  10          /****************************************************************/
  11          //函数名：void Project(void)
  12          //功  能：项目项目功能函数
  13          //参  数：无
  14          //返回值：无
  15          /****************************************************************/
  16          void Project(void)//范例
  17          {
  18   1      #if(0)
                  if((keys_flag_l != 0) || (keys_flag_h != 0))
                {
                    if(IsTouch == 0)
                    {
                      IsTouch = 1;
                      //按键处理
                      if(keys_flag_l == 0x00000001)
                      {
                        Key_Data = 0x01;
                      }
                    }
                }
                else
                {
                    if(IsTouch == 1)
                    {
                      IsTouch = 0;
                    }
                }
              #endif
  39   1        if(Test){
  40   2          SET_PB6_H;
  41   2        }else{
  42   2          SET_PB6_L;
  43   2        } 
  44   1      }


MODULE INFORMATION:   STATIC OVERLAYABLE
   CODE SIZE        =     12    ----
   CONSTANT SIZE    =   ----    ----
   XDATA SIZE       =      1    ----
   PDATA SIZE       =   ----    ----
   DATA SIZE        =   ----    ----
   IDATA SIZE       =   ----    ----
   BIT SIZE         =      1    ----
C51 COMPILER V9.60.7.0   PROJECT                                                           04/10/2024 19:57:35 PAGE 2   

   EDATA SIZE       =   ----    ----
   HDATA SIZE       =   ----    ----
   XDATA CONST SIZE =   ----    ----
   FAR CONST SIZE   =   ----    ----
END OF MODULE INFORMATION.


C51 COMPILATION COMPLETE.  0 WARNING(S),  0 ERROR(S)
